// Jest Snapshot v1, https://goo.gl/fbAQLP

exports[`Home screen renders correctly 1`] = `
<RCTSafeAreaView
  emulateUnlessSupported={true}
  style={
    Object {
      "backgroundColor": "#ED642E",
      "flex": 1,
    }
  }
>
  <View
    style={
      Object {
        "alignItems": "center",
        "backgroundColor": "#FFFFFF",
        "flex": 1,
        "justifyContent": "center",
        "padding": 10,
      }
    }
  >
    <View
      style={
        Object {
          "flex": 1,
          "justifyContent": "center",
        }
      }
    >
      <Text
        style={
          Object {
            "color": "#000000",
          }
        }
      >
        Please check your internet connection and retry
      </Text>
    </View>
  </View>
</RCTSafeAreaView>
`;
